// Jest Snapshot v1, https://goo.gl/fbAQLP

exports[`renders 1`] = `
<Modal
  animationType="none"
  hardwareAccelerated={false}
  hideModalContentWhileAnimating={false}
  onModalHide={[Function]}
  onRequestClose={[Function]}
  onSwipe={[MockFunction]}
  scrollOffset={0}
  scrollOffsetMax={0}
  scrollTo={null}
  supportedOrientations={
    Array [
      "portrait",
      "landscape",
    ]
  }
  swipeDirection="down"
  swipeThreshold={100}
  transparent={true}
  visible={true}
>
  <View
    accessible={true}
    onResponderGrant={[Function]}
    onResponderMove={[Function]}
    onResponderRelease={[Function]}
    onResponderTerminate={[Function]}
    onResponderTerminationRequest={[Function]}
    onStartShouldSetResponder={[Function]}
    style={
      Object {
        "backgroundColor": "black",
        "bottom": 0,
        "height": 1334,
        "left": 0,
        "opacity": 0,
        "position": "absolute",
        "right": 0,
        "top": 0,
        "width": 750,
      }
    }
  />
  <View
    hideModalContentWhileAnimating={false}
    onModalHide={[Function]}
    onMoveShouldSetResponder={[Function]}
    onMoveShouldSetResponderCapture={[Function]}
    onResponderEnd={[Function]}
    onResponderGrant={[Function]}
    onResponderMove={[Function]}
    onResponderReject={[Function]}
    onResponderRelease={[Function]}
    onResponderStart={[Function]}
    onResponderTerminate={[Function]}
    onResponderTerminationRequest={[Function]}
    onStartShouldSetResponder={[Function]}
    onStartShouldSetResponderCapture={[Function]}
    onSwipe={[MockFunction]}
    pointerEvents="box-none"
    scrollOffset={0}
    scrollOffsetMax={0}
    scrollTo={null}
    style={
      Object {
        "flex": 1,
        "justifyContent": "flex-end",
        "left": 0,
        "margin": 0,
        "top": 0,
        "transform": Array [
          Object {
            "translateY": 1334,
          },
        ],
      }
    }
    supportedOrientations={
      Array [
        "portrait",
        "landscape",
      ]
    }
    swipeDirection="down"
    swipeThreshold={100}
  >
    <View
      style={
        Object {
          "backgroundColor": "white",
          "borderRadius": 10,
          "height": "50%",
          "padding": 20,
        }
      }
    >
      <TextInput
        autoCapitalize="words"
        blurOnSubmit={false}
        enablesReturnKeyAutomatically={true}
        onChangeText={[Function]}
        onSubmitEditing={[Function]}
        placeholder="foo"
        style={
          Object {
            "marginBottom": 10,
          }
        }
        value=""
      />
    </View>
  </View>
</Modal>
`;
