// Jest Snapshot v1, https://goo.gl/fbAQLP

exports[`renders with blue background when selected 1`] = `
<View
  accessible={true}
  isTVSelectable={true}
  onResponderGrant={[Function]}
  onResponderMove={[Function]}
  onResponderRelease={[Function]}
  onResponderTerminate={[Function]}
  onResponderTerminationRequest={[Function]}
  onStartShouldSetResponder={[Function]}
  style={
    Object {
      "alignItems": "center",
      "backgroundColor": "#21ba45",
      "borderRadius": 100,
      "height": 80,
      "justifyContent": "center",
      "margin": 10,
      "opacity": 1,
      "padding": 10,
    }
  }
>
  <Text
    style={
      Object {
        "color": "white",
        "fontSize": 20,
        "fontWeight": "bold",
      }
    }
  >
    Submit
  </Text>
</View>
`;
